// Jest Snapshot v1, https://goo.gl/fbAQLP

exports[`Tooltip renders correctly 1`] = `
<div
  className="sc-AxirZ iJvRdz"
  onMouseEnter={[Function]}
  onMouseLeave={[Function]}
>
  <span>
    Tooltip
  </span>
  <div
    className="sc-AxiKw Ffvdp"
  />
</div>
`;
