// Jest Snapshot v1, https://goo.gl/fbAQLP

exports[`Table renders correctly 1`] = `
<div
  className="sc-fzpkJw bVOhDm"
>
  <div
    className="sc-fznzOf hfODEb"
  >
    <table
      className="sc-fznMnq eblDLS"
    >
      <thead
        className="sc-fzoant cATlvS"
      >
        <tr>
          <th
            className="sc-fzqAbL dZCuAn"
          >
            Name
          </th>
          <th
            className="sc-fzqAbL dZCuAn"
          >
            Age
          </th>
          <th
            className="sc-fzqAbL dZCuAn"
          >
            Address
          </th>
        </tr>
      </thead>
      <tbody
        className="sc-fzomME jJsQZI"
        onChange={[Function]}
      >
        <tr
          className="sc-fzqMAW ggQcfJ"
        >
          <td
            className="sc-fzoydu gfzFEb"
            onClick={[Function]}
          >
            <a>
              John Brown
            </a>
          </td>
          <td
            className="sc-fzoydu gfzFEb"
            onClick={[Function]}
          >
            32
          </td>
          <td
            className="sc-fzoydu gfzFEb"
            onClick={[Function]}
          >
            New York No. 1 Lake Park
          </td>
        </tr>
        <tr
          className="sc-fzqMAW ggQcfJ"
        >
          <td
            className="sc-fzoydu gfzFEb"
            onClick={[Function]}
          >
            <a>
              Jim Green
            </a>
          </td>
          <td
            className="sc-fzoydu gfzFEb"
            onClick={[Function]}
          >
            42
          </td>
          <td
            className="sc-fzoydu gfzFEb"
            onClick={[Function]}
          >
            London No. 1 Lake Park
          </td>
        </tr>
        <tr
          className="sc-fzqMAW ggQcfJ"
        >
          <td
            className="sc-fzoydu gfzFEb"
            onClick={[Function]}
          >
            <a>
              Joe Black
            </a>
          </td>
          <td
            className="sc-fzoydu gfzFEb"
            onClick={[Function]}
          >
            32
          </td>
          <td
            className="sc-fzoydu gfzFEb"
            onClick={[Function]}
          >
            Sidney No. 1 Lake Park
          </td>
        </tr>
        <tr
          className="sc-fzqMAW ggQcfJ"
        >
          <td
            className="sc-fzoydu gfzFEb"
            onClick={[Function]}
          >
            <a>
              Disabled User
            </a>
          </td>
          <td
            className="sc-fzoydu gfzFEb"
            onClick={[Function]}
          >
            99
          </td>
          <td
            className="sc-fzoydu gfzFEb"
            onClick={[Function]}
          >
            Sidney No. 1 Lake Park
          </td>
        </tr>
      </tbody>
    </table>
  </div>
  <ul
    className="sc-fzqBkg cAphmx sc-fznAgC ixcYbb"
  >
    <li
      className="sc-fzqPZZ jYHGWA"
    >
      <button
        className="sc-fzplWN sc-fzqBZW VzMMp sc-fzoxKX bRnqhF"
        disabled={true}
        onClick={[Function]}
        onMouseDown={[Function]}
        selected={false}
      >
        <span
          className="sc-fznyAO gfdBbl"
        >
          <svg
            aria-hidden={true}
            className="MuiSvgIcon-root"
            focusable="false"
            viewBox="0 0 24 24"
          >
            <path
              d="M15.41 7.41L14 6l-6 6 6 6 1.41-1.41L10.83 12z"
            />
          </svg>
        </span>
      </button>
    </li>
    <li
      className="sc-fzqPZZ jYHGWA"
      onClick={[Function]}
    >
      <button
        className="sc-fzplWN sc-fzqBZW bPWMnz sc-fzoxKX fnXnMJ"
        onClick={[Function]}
        onMouseDown={[Function]}
        selected={true}
      >
        <span>
          1
        </span>
      </button>
    </li>
    <li
      className="sc-fzqPZZ jYHGWA"
    >
      <button
        className="sc-fzplWN sc-fzqBZW VzMMp sc-fzoxKX bRnqhF"
        disabled={true}
        onClick={[Function]}
        onMouseDown={[Function]}
        selected={false}
      >
        <span
          className="sc-fznyAO gfdBbl"
        >
          <svg
            aria-hidden={true}
            className="MuiSvgIcon-root"
            focusable="false"
            viewBox="0 0 24 24"
          >
            <path
              d="M10 6L8.59 7.41 13.17 12l-4.58 4.59L10 18l6-6z"
            />
          </svg>
        </span>
      </button>
    </li>
  </ul>
</div>
`;
