// Jest Snapshot v1, https://goo.gl/fbAQLP

exports[`Input renders correctly 1`] = `
Array [
  <input
    className="sc-iCoHVE sc-pNWxx bymJiA mlwDI"
    onChange={[Function]}
    onKeyDown={[Function]}
    value=""
  />,
  <div>
    <input
      className="sc-iCoHVE sc-jrsJCI bymJiA hIxIqi"
      onChange={[Function]}
      onKeyDown={[Function]}
      placeholder="Large Input"
      value=""
    />
    <br />
    <br />
    <input
      className="sc-iCoHVE sc-pNWxx bymJiA mlwDI"
      onChange={[Function]}
      onKeyDown={[Function]}
      placeholder="Medium Input"
      value=""
    />
    <br />
    <br />
    <input
      className="sc-iCoHVE sc-fujyUd bymJiA jSWuAv"
      onChange={[Function]}
      onKeyDown={[Function]}
      placeholder="Small Input"
      value=""
    />
  </div>,
  <div>
    <span
      className="sc-crzoUp fEFrxq"
    >
      <span
        className="sc-iqAbSa cJAqSm"
      >
        <span
          className="sc-kEqYlL fqtDdX"
        >
          http://
        </span>
        <input
          className="sc-iCoHVE sc-pNWxx kCGzNn mlwDI"
          onChange={[Function]}
          onKeyDown={[Function]}
          value=""
        />
        <span
          className="sc-kEqYlL fqtDdX"
        >
          .com
        </span>
      </span>
    </span>
    <br />
    <br />
    <span
      className="sc-crzoUp fEFrxq"
    >
      <span
        className="sc-iqAbSa cJAqSm"
      >
        <input
          className="sc-iCoHVE sc-pNWxx gKRLKP mlwDI"
          onChange={[Function]}
          onKeyDown={[Function]}
          value=""
        />
        <span
          className="sc-kEqYlL fqtDdX"
        >
          <svg
            aria-hidden={true}
            className="MuiSvgIcon-root"
            focusable="false"
            viewBox="0 0 24 24"
          >
            <path
              d="M15.95 10.78c.03-.25.05-.51.05-.78s-.02-.53-.06-.78l1.69-1.32c.15-.12.19-.34.1-.51l-1.6-2.77c-.1-.18-.31-.24-.49-.18l-1.99.8c-.42-.32-.86-.58-1.35-.78L12 2.34c-.03-.2-.2-.34-.4-.34H8.4c-.2 0-.36.14-.39.34l-.3 2.12c-.49.2-.94.47-1.35.78l-1.99-.8c-.18-.07-.39 0-.49.18l-1.6 2.77c-.1.18-.06.39.1.51l1.69 1.32c-.04.25-.07.52-.07.78s.02.53.06.78L2.37 12.1c-.15.12-.19.34-.1.51l1.6 2.77c.1.18.31.24.49.18l1.99-.8c.42.32.86.58 1.35.78l.3 2.12c.04.2.2.34.4.34h3.2c.2 0 .37-.14.39-.34l.3-2.12c.49-.2.94-.47 1.35-.78l1.99.8c.18.07.39 0 .49-.18l1.6-2.77c.1-.18.06-.39-.1-.51l-1.67-1.32zM10 13c-1.65 0-3-1.35-3-3s1.35-3 3-3 3 1.35 3 3-1.35 3-3 3z"
              transform="scale(1.2, 1.2)"
            />
          </svg>
        </span>
      </span>
    </span>
  </div>,
  <div>
    <span
      className="sc-dIsAE hToTGk"
      onClick={[Function]}
    >
      ￥
      <input
        className="sc-iCoHVE sc-pNWxx bObdmk ardKS"
        onChange={[Function]}
        onKeyDown={[Function]}
        value=""
      />
      RMB
    </span>
    <br />
    <br />
    <span
      className="sc-dIsAE cSXpBE"
      disabled={true}
      onClick={[Function]}
    >
      ￥
      <input
        className="sc-iCoHVE sc-pNWxx klOvJF ardKS"
        disabled={true}
        onChange={[Function]}
        onKeyDown={[Function]}
        value=""
      />
      RMB
    </span>
    <br />
    <br />
    <span
      className="sc-crzoUp fEFrxq"
    >
      <span
        className="sc-iqAbSa cJAqSm"
      >
        <span
          className="sc-kEqYlL fqtDdX"
        >
          http://
        </span>
        <span
          className="sc-dIsAE gDroUH"
          onClick={[Function]}
        >
          <input
            className="sc-iCoHVE sc-pNWxx bObdmk ardKS"
            onChange={[Function]}
            onKeyDown={[Function]}
            value=""
          />
          .com
        </span>
      </span>
    </span>
  </div>,
  <div>
    <input
      className="sc-iCoHVE sc-pNWxx bIFdCP mlwDI"
      onChange={[Function]}
      onKeyDown={[Function]}
      placeholder="Borderless"
      value=""
    />
  </div>,
  <div>
    <input
      className="sc-iCoHVE sc-pNWxx kWhUIY mlwDI"
      disabled={true}
      onChange={[Function]}
      onKeyDown={[Function]}
      placeholder="Disabled"
      value=""
    />
  </div>,
]
`;
