// Jest Snapshot v1, https://goo.gl/fbAQLP

exports[`Popover renders correctly 1`] = `
<div
  className="sc-fzpans jDFSfP"
  onMouseEnter={[Function]}
  onMouseLeave={[Function]}
>
  <button
    className="sc-fzqAbL sc-fzoYHE eHCbTQ"
    onClick={[Function]}
    onMouseDown={[Function]}
  >
    <span>
      Hover me
    </span>
  </button>
  <div
    className="sc-fzplWN eLdScE"
  >
    <div
      className="sc-AxhUy bgNvMX"
      size="sm"
    >
      <div
        className="sc-AxmLO gzOyEY"
        size="sm"
      />
    </div>
  </div>
  <div
    className="sc-fznyAO hXbUPA"
  />
</div>
`;
