// Jest Snapshot v1, https://goo.gl/fbAQLP

exports[`Checkbox renders correctly 1`] = `
<label
  className="sc-AxirZ iGogYu"
>
  <span
    className="sc-AxiKw KIqnx"
  >
    <input
      className="sc-AxhUy eifkvF"
      onChange={[Function]}
      type="Checkbox"
    />
    <span
      className="sc-AxjAm exnHkR"
    />
  </span>
</label>
`;
