// Jest Snapshot v1, https://goo.gl/fbAQLP

exports[`Collapse renders correctly 1`] = `
<div
  className="sc-Axmtr bXQYTU"
>
  <div
    className="sc-AxmLO fvAMFb"
  >
    <div
      className="sc-fzozJi dZqPFH"
      onClick={[Function]}
    >
      <div
        className="sc-fzoLsD gboIll"
      >
        This is panel header 1
      </div>
      <span
        className="sc-fzplWN ljQFuf"
      >
        <svg
          aria-hidden={true}
          className="MuiSvgIcon-root"
          focusable="false"
          viewBox="0 0 24 24"
        >
          <path
            d="M16.59 8.59L12 13.17 7.41 8.59 6 10l6 6 6-6z"
          />
        </svg>
      </span>
      <span
        className="sc-fzpans rbqWh"
      />
    </div>
    <div
      className="sc-AxirZ irFUSb"
      onTransitionEnd={[Function]}
    >
      <div
        className="sc-fznyAO ktONXg"
      >
        <p>
          Hello
        </p>
      </div>
    </div>
  </div>
  <div
    className="sc-AxmLO fvAMFb"
  >
    <div
      className="sc-fzozJi dZqPFH"
      onClick={[Function]}
    >
      <div
        className="sc-fzoLsD gboIll"
      >
        This is panel header 2
      </div>
      <span
        className="sc-fzplWN ljQFuf"
      >
        <svg
          aria-hidden={true}
          className="MuiSvgIcon-root"
          focusable="false"
          viewBox="0 0 24 24"
        >
          <path
            d="M16.59 8.59L12 13.17 7.41 8.59 6 10l6 6 6-6z"
          />
        </svg>
      </span>
      <span
        className="sc-fzpans rbqWh"
      />
    </div>
    <div
      className="sc-AxirZ irFUSb"
      onTransitionEnd={[Function]}
    >
      <div
        className="sc-fznyAO ktONXg"
      >
        <p>
          Hello
        </p>
      </div>
    </div>
  </div>
  <div
    className="sc-AxmLO fvAMFb"
  >
    <div
      className="sc-fzozJi dZqPFH"
      onClick={[Function]}
    >
      <div
        className="sc-fzoLsD gboIll"
      >
        This is panel header 3
      </div>
      <span
        className="sc-fzplWN ljQFuf"
      >
        <svg
          aria-hidden={true}
          className="MuiSvgIcon-root"
          focusable="false"
          viewBox="0 0 24 24"
        >
          <path
            d="M16.59 8.59L12 13.17 7.41 8.59 6 10l6 6 6-6z"
          />
        </svg>
      </span>
      <span
        className="sc-fzpans rbqWh"
      />
    </div>
    <div
      className="sc-AxirZ irFUSb"
      onTransitionEnd={[Function]}
    >
      <div
        className="sc-fznyAO ktONXg"
      >
        <p>
          Hello
        </p>
      </div>
    </div>
  </div>
</div>
`;
