// Jest Snapshot v1, https://goo.gl/fbAQLP

exports[`Pagination renders correctly 1`] = `
<ul
  className="sc-bYwzba fuFICg"
>
  <li
    className="sc-kLokih gNeNUQ"
  >
    <button
      className="sc-pNWxx sc-dIsAE bDvTMY sc-iklIKw cqYcHR"
      disabled={true}
      onClick={[Function]}
      onMouseDown={[Function]}
      selected={false}
    >
      <span
        className="sc-jrsJCI cjKivY"
      >
        <svg
          aria-hidden={true}
          className="MuiSvgIcon-root"
          focusable="false"
          viewBox="0 0 24 24"
        >
          <path
            d="M15.41 7.41L14 6l-6 6 6 6 1.41-1.41L10.83 12z"
          />
        </svg>
      </span>
    </button>
  </li>
  <li
    className="sc-kLokih gNeNUQ"
  >
    <button
      className="sc-pNWxx sc-dIsAE imZQya sc-iklIKw cqYcHR"
      disabled={false}
      onClick={[Function]}
      onMouseDown={[Function]}
      selected={false}
    >
      <span
        className="sc-jrsJCI cjKivY"
      >
        <svg
          aria-hidden={true}
          className="MuiSvgIcon-root"
          focusable="false"
          viewBox="0 0 24 24"
        >
          <path
            d="M10 6L8.59 7.41 13.17 12l-4.58 4.59L10 18l6-6z"
          />
        </svg>
      </span>
    </button>
  </li>
</ul>
`;
