// Jest Snapshot v1, https://goo.gl/fbAQLP

exports[`Collapse renders correctly 1`] = `
<div
  className="sc-iCoHVE Yqzkr"
>
  <div
    className="sc-fujyUd gnCwwK"
  >
    <div
      className="sc-pNWxx cMOlRD"
      onClick={[Function]}
    >
      <div
        className="sc-jrsJCI jDKIlx"
      >
        This is panel header 1
      </div>
      <span
        className="sc-iqAbSa ggTPDo"
      >
        <svg
          aria-hidden={true}
          className="MuiSvgIcon-root"
          focusable="false"
          viewBox="0 0 24 24"
        >
          <path
            d="M16.59 8.59L12 13.17 7.41 8.59 6 10l6 6 6-6z"
          />
        </svg>
      </span>
      <span
        className="sc-kEqYlL bTOwMo"
      />
    </div>
    <div
      className="sc-gtssRu jbXVcs"
      onTransitionEnd={[Function]}
    >
      <div
        className="sc-crzoUp kTJOWz"
      >
        <p>
          Hello
        </p>
      </div>
    </div>
  </div>
  <div
    className="sc-fujyUd gnCwwK"
  >
    <div
      className="sc-pNWxx cMOlRD"
      onClick={[Function]}
    >
      <div
        className="sc-jrsJCI jDKIlx"
      >
        This is panel header 2
      </div>
      <span
        className="sc-iqAbSa ggTPDo"
      >
        <svg
          aria-hidden={true}
          className="MuiSvgIcon-root"
          focusable="false"
          viewBox="0 0 24 24"
        >
          <path
            d="M16.59 8.59L12 13.17 7.41 8.59 6 10l6 6 6-6z"
          />
        </svg>
      </span>
      <span
        className="sc-kEqYlL bTOwMo"
      />
    </div>
    <div
      className="sc-gtssRu jbXVcs"
      onTransitionEnd={[Function]}
    >
      <div
        className="sc-crzoUp kTJOWz"
      >
        <p>
          Hello
        </p>
      </div>
    </div>
  </div>
  <div
    className="sc-fujyUd gnCwwK"
  >
    <div
      className="sc-pNWxx cMOlRD"
      onClick={[Function]}
    >
      <div
        className="sc-jrsJCI jDKIlx"
      >
        This is panel header 3
      </div>
      <span
        className="sc-iqAbSa ggTPDo"
      >
        <svg
          aria-hidden={true}
          className="MuiSvgIcon-root"
          focusable="false"
          viewBox="0 0 24 24"
        >
          <path
            d="M16.59 8.59L12 13.17 7.41 8.59 6 10l6 6 6-6z"
          />
        </svg>
      </span>
      <span
        className="sc-kEqYlL bTOwMo"
      />
    </div>
    <div
      className="sc-gtssRu jbXVcs"
      onTransitionEnd={[Function]}
    >
      <div
        className="sc-crzoUp kTJOWz"
      >
        <p>
          Hello
        </p>
      </div>
    </div>
  </div>
</div>
`;
