// Jest Snapshot v1, https://goo.gl/fbAQLP

exports[`Checkbox renders correctly 1`] = `
<label
  className="sc-AxiKw iEISuy"
>
  <span
    className="sc-AxhCb kYBEtR"
  >
    <input
      className="sc-AxgMl cZfsJf"
      onChange={[Function]}
      type="Checkbox"
    />
    <span
      className="sc-AxirZ kpMZzG"
    />
  </span>
</label>
`;
