// Jest Snapshot v1, https://goo.gl/fbAQLP

exports[`Radio renders correctly 1`] = `
<div>
  <label
    className="sc-AxiKw iEISuy"
  >
    <span
      className="sc-AxhCb kYBEtR"
    >
      <input
        checked={false}
        className="sc-AxheI beyFxN"
        onChange={[Function]}
        type="radio"
      />
      <span
        checked={false}
<<<<<<< HEAD:packages/fiber-ui/src/Radio/__tests__/__snapshots__/Radio.spec.tsx.snap
        className="sc-AxgMl eRAFxR"
=======
        className="sc-Axmtr eAZbyV"
>>>>>>> origin/master:src/Radio/__test__/__snapshots__/Radio.spec.tsx.snap
      />
    </span>
    <span
      className="sc-AxhUy kfupEQ"
    >
       Radio 
    </span>
  </label>
</div>
`;
