// Jest Snapshot v1, https://goo.gl/fbAQLP

exports[`ExampleComponent renders correctly 1`] = `
<div
  className="sc-bdnylx jcClSl"
>
  locale overwrite
   
  text
   
  subText
   
</div>
`;
