// Jest Snapshot v1, https://goo.gl/fbAQLP

exports[`Layout renders correctly 1`] = `
<section
  className="sc-AxjAm iQwoza"
/>
`;
