// Jest Snapshot v1, https://goo.gl/fbAQLP

exports[`Popover renders correctly 1`] = `
<div
  className="sc-hOPghE filDWN"
  onMouseEnter={[Function]}
  onMouseLeave={[Function]}
>
  <button
    className="sc-hHEjAm sc-bCwgka kNyppU iihoAM"
    onClick={[Function]}
    onMouseDown={[Function]}
  >
    <span>
      Hover me
    </span>
  </button>
  <div
    className="sc-dsXyEt gWRmyR"
  >
    <div
      className="sc-jHNhIU ixIlLw"
      size="sm"
    >
      <div
        className="sc-eKYRpg cPAHHx"
        size="sm"
      />
    </div>
  </div>
</div>
`;
