// Jest Snapshot v1, https://goo.gl/fbAQLP

exports[`Tag renders correctly 1`] = `
<span
  className="sc-AxirZ gMTJZI"
/>
`;
