// Jest Snapshot v1, https://goo.gl/fbAQLP

exports[`Stepper renders correctly 1`] = `
Array [
  <div
    className="sc-AxjAm gCTvlM"
  >
    <div
      className="sc-AxirZ haMcXj"
      onClick={[Function]}
      onMouseEnter={[Function]}
      onMouseLeave={[Function]}
    >
      <div
        className="sc-AxiKw juNXuK"
      >
        <span
          className="sc-AxheI bLPmTn"
        >
          <svg
            aria-hidden={true}
            className="MuiSvgIcon-root"
            focusable="false"
            viewBox="0 0 24 24"
          >
            <path
              d="M9 16.17L4.83 12l-1.42 1.41L9 19 21 7l-1.41-1.41z"
            />
          </svg>
        </span>
      </div>
      <div
        className="sc-AxhCb tdqZj"
      >
        <div
          className="sc-AxhUy kVdvnf"
        >
          first
        </div>
        <div
          className="sc-AxgMl bjiPgu"
        >
          subtitle
        </div>
      </div>
    </div>
    <div
      className="sc-AxirZ haMcXj"
      onClick={[Function]}
      onMouseEnter={[Function]}
      onMouseLeave={[Function]}
    >
      <div
        className="sc-AxiKw cqLYy"
      >
        <span
          className="sc-AxheI kGgmfc"
        >
          2
        </span>
      </div>
      <div
        className="sc-AxhCb tdqZj"
      >
        <div
          className="sc-AxhUy ePhQRI"
        >
          second
        </div>
        <div
          className="sc-AxgMl bjiPgu"
        >
          subtitle
        </div>
      </div>
    </div>
    <div
      className="sc-AxirZ haMcXj"
      onClick={[Function]}
      onMouseEnter={[Function]}
      onMouseLeave={[Function]}
    >
      <div
        className="sc-AxiKw eiMep"
      >
        <span
          className="sc-AxheI exZhbg"
        >
          3
        </span>
      </div>
      <div
        className="sc-AxhCb tdqZj"
      >
        <div
          className="sc-AxhUy kIDapT"
        >
          third
        </div>
        <div
          className="sc-AxgMl bjiPgu"
        >
          subtitle
        </div>
      </div>
    </div>
  </div>,
  <div
    className="sc-AxjAm jyaHpY"
  >
    <div
      className="sc-AxirZ btcPOI"
      onClick={[Function]}
      onMouseEnter={[Function]}
      onMouseLeave={[Function]}
    >
      <div
        className="sc-AxiKw dCWsep"
      >
        <span
          className="sc-AxheI bLPmTn"
        >
          <svg
            aria-hidden={true}
            className="MuiSvgIcon-root"
            focusable="false"
            viewBox="0 0 24 24"
          >
            <path
              d="M9 16.17L4.83 12l-1.42 1.41L9 19 21 7l-1.41-1.41z"
            />
          </svg>
        </span>
      </div>
      <div
        className="sc-AxhCb tdqZj"
      >
        <div
          className="sc-AxhUy kIDapT"
        >
          first
        </div>
        <div
          className="sc-AxgMl dsfsJn"
        >
          subtitle
        </div>
      </div>
    </div>
    <div
      className="sc-AxirZ btcPOI"
      onClick={[Function]}
      onMouseEnter={[Function]}
      onMouseLeave={[Function]}
    >
      <div
        className="sc-AxiKw geRQiS"
      >
        <span
          className="sc-AxheI kGgmfc"
        >
          2
        </span>
      </div>
      <div
        className="sc-AxhCb tdqZj"
      >
        <div
          className="sc-AxhUy kIDapT"
        >
          second
        </div>
        <div
          className="sc-AxgMl dsfsJn"
        >
          subtitle
        </div>
        <div
          style={
            Object {
              "border": "1px solid black",
              "padding": 25,
              "width": 200,
            }
          }
        >
          Second Content
        </div>
      </div>
    </div>
    <div
      className="sc-AxirZ btcPOI"
      onClick={[Function]}
      onMouseEnter={[Function]}
      onMouseLeave={[Function]}
    >
      <div
        className="sc-AxiKw eiMep"
      >
        <span
          className="sc-AxheI exZhbg"
        >
          3
        </span>
      </div>
      <div
        className="sc-AxhCb tdqZj"
      >
        <div
          className="sc-AxhUy kIDapT"
        >
          third
        </div>
        <div
          className="sc-AxgMl dsfsJn"
        >
          subtitle
        </div>
      </div>
    </div>
  </div>,
  <div
    className="sc-AxjAm gCTvlM"
  >
    <div
      className="sc-AxirZ haMcXj"
      onClick={[Function]}
      onMouseEnter={[Function]}
      onMouseLeave={[Function]}
    >
      <div
        className="sc-AxiKw juNXuK"
      >
        <svg
          aria-hidden={true}
          className="MuiSvgIcon-root"
          focusable="false"
          viewBox="0 0 24 24"
        >
          <path
            d="M12 12c2.21 0 4-1.79 4-4s-1.79-4-4-4-4 1.79-4 4 1.79 4 4 4zm0 2c-2.67 0-8 1.34-8 4v2h16v-2c0-2.66-5.33-4-8-4z"
          />
        </svg>
      </div>
      <div
        className="sc-AxhCb tdqZj"
      >
        <div
          className="sc-AxhUy kVdvnf"
        >
          Login
        </div>
      </div>
    </div>
    <div
      className="sc-AxirZ haMcXj"
      onClick={[Function]}
      onMouseEnter={[Function]}
      onMouseLeave={[Function]}
    >
      <div
        className="sc-AxiKw juNXuK"
      >
        <svg
          aria-hidden={true}
          className="MuiSvgIcon-root"
          focusable="false"
          viewBox="0 0 24 24"
        >
          <path
            d="M12 1L3 5v6c0 5.55 3.84 10.74 9 12 5.16-1.26 9-6.45 9-12V5l-9-4zm-2 16l-4-4 1.41-1.41L10 14.17l6.59-6.59L18 9l-8 8z"
          />
        </svg>
      </div>
      <div
        className="sc-AxhCb tdqZj"
      >
        <div
          className="sc-AxhUy ePhQRI"
        >
          Verification
        </div>
      </div>
    </div>
    <div
      className="sc-AxirZ haMcXj"
      onClick={[Function]}
      onMouseEnter={[Function]}
      onMouseLeave={[Function]}
    >
      <div
        className="sc-AxiKw eiMep"
      >
        <svg
          aria-hidden={true}
          className="MuiSvgIcon-root"
          focusable="false"
          viewBox="0 0 24 24"
        >
          <path
            d="M20 4H4c-1.11 0-1.99.89-1.99 2L2 18c0 1.11.89 2 2 2h16c1.11 0 2-.89 2-2V6c0-1.11-.89-2-2-2zm0 14H4v-6h16v6zm0-10H4V6h16v2z"
          />
        </svg>
      </div>
      <div
        className="sc-AxhCb tdqZj"
      >
        <div
          className="sc-AxhUy ePhQRI"
        >
          Pay
        </div>
      </div>
    </div>
    <div
      className="sc-AxirZ haMcXj"
      onClick={[Function]}
      onMouseEnter={[Function]}
      onMouseLeave={[Function]}
    >
      <div
        className="sc-AxiKw eiMep"
      >
        <svg
          aria-hidden={true}
          className="MuiSvgIcon-root"
          focusable="false"
          viewBox="0 0 24 24"
        >
          <path
            d="M11.99 2C6.47 2 2 6.48 2 12s4.47 10 9.99 10C17.52 22 22 17.52 22 12S17.52 2 11.99 2zM12 20c-4.42 0-8-3.58-8-8s3.58-8 8-8 8 3.58 8 8-3.58 8-8 8zm3.5-9c.83 0 1.5-.67 1.5-1.5S16.33 8 15.5 8 14 8.67 14 9.5s.67 1.5 1.5 1.5zm-7 0c.83 0 1.5-.67 1.5-1.5S9.33 8 8.5 8 7 8.67 7 9.5 7.67 11 8.5 11zm3.5 6.5c2.33 0 4.31-1.46 5.11-3.5H6.89c.8 2.04 2.78 3.5 5.11 3.5z"
          />
        </svg>
      </div>
      <div
        className="sc-AxhCb tdqZj"
      >
        <div
          className="sc-AxhUy kIDapT"
        >
          Done
        </div>
      </div>
    </div>
  </div>,
]
`;
