// Jest Snapshot v1, https://goo.gl/fbAQLP

exports[`Menu & Menu Items renders correctly 1`] = `
<div
  className="sc-fzoiQi cGtddt"
  onMouseEnter={[Function]}
  onMouseLeave={[Function]}
>
  <span
    className="sc-fzonZV ckbpRN"
    size={4}
  >
     Hover Me 
  </span>
  <div
    className="sc-fzqARJ HtEMr"
  >
    <ul
      className="sc-fznZeY hBvHBb"
    >
      <li
        className="sc-fzokOt kZMlVH"
        onClick={[Function]}
      >
        <span
          className="sc-fzonZV ckbpRN"
          size={4}
        >
           Item 1 
        </span>
      </li>
      <li
        className="sc-fzokOt kZMlVH"
        onClick={[Function]}
      >
        <span
          className="sc-fzonZV ckbpRN"
          size={4}
        >
           Item 2 
        </span>
      </li>
      <li
        className="sc-fzokOt kZMlVH"
        onClick={[Function]}
      >
        <span
          className="sc-fzonZV ckbpRN"
          size={4}
        >
           Item 3 
        </span>
      </li>
    </ul>
  </div>
</div>
`;
